[backblue.gif]
[fade.gif]
[index.html]
[dexcell.shinsengumiteam.com/dx_auth/nav/nav.js]
[dexcell.shinsengumiteam.com/dx_auth/nav/prototype.lite.js]
[dexcell.shinsengumiteam.com/dx_auth/nav/moo.fx.js]
[dexcell.shinsengumiteam.com/dx_auth/nav/user_guide_menu.js]
[dexcell.shinsengumiteam.com/dx_auth/images/nav_toggle_darker.jpg]
[dexcell.shinsengumiteam.com/dx_auth/images/ci_logo_flame.jpg]
[dexcell.shinsengumiteam.com/dx_auth/index.html]
[dexcell.shinsengumiteam.com/dx_auth/images/nav_bg_darker.jpg]
[dexcell.shinsengumiteam.com/dx_auth/images/nav_separator_darker.jpg]
[dexcell.shinsengumiteam.com/dx_auth/images/arrow.gif]
[dexcell.shinsengumiteam.com/dx_auth/userguide.css]
[dexcell.shinsengumiteam.com/dx_auth/toc.html]
[dexcell.shinsengumiteam.com/dx_auth/index-2.html]
[dexcell.shinsengumiteam.com/dx_auth/general/index.html]
[dexcell.shinsengumiteam.com/dx_auth/nav/shCore.js]
[dexcell.shinsengumiteam.com/dx_auth/nav/shBrushPhp.js]
[dexcell.shinsengumiteam.com/dx_auth/nav/clipboard.swf]
[dexcell.shinsengumiteam.com/dx_auth/examples/simple.html]
[dexcell.shinsengumiteam.com/dx_auth/license.html]
[dexcell.shinsengumiteam.com/dx_auth/changelog.html]
[dexcell.shinsengumiteam.com/dx_auth/upgrade.html]
[dexcell.shinsengumiteam.com/dx_auth/general/credits.html]
[dexcell.shinsengumiteam.com/dx_auth/dx_auth.zip]
[www.paypal.com/en_US/i/btn/btn_donateCC_LG.gif]
[www.paypal.com/en_US/i/scr/pixel.gif]
[dexcell.shinsengumiteam.com/dx_auth/installation/downloads.html]
[dexcell.shinsengumiteam.com/dx_auth/installation/index.html]
[dexcell.shinsengumiteam.com/dx_auth/installation/schema.html]
[dexcell.shinsengumiteam.com/dx_auth/general/functions.html]
[dexcell.shinsengumiteam.com/dx_auth/general/events.html]
[dexcell.shinsengumiteam.com/dx_auth/general/config.html]
[dexcell.shinsengumiteam.com/dx_auth/general/models.html]
[dexcell.shinsengumiteam.com/dx_auth/general/tables.html]
[dexcell.shinsengumiteam.com/dx_auth/general/troubleshooting.html]
[dexcell.shinsengumiteam.com/dx_auth/examples/advanced.html]
[dexcell.shinsengumiteam.com/dx_auth/examples/recaptcha.html]
[dexcell.shinsengumiteam.com/dx_auth/examples/permission.html]
[dexcell.shinsengumiteam.com/dx_auth/SyntaxHighlighter.css]
